../Core/Src/main.c:94:5:main	8	static
../Core/Src/main.c:146:6:SystemClock_Config	88	static
../Core/Src/main.c:193:13:MX_ADC1_Init	56	static
../Core/Src/main.c:288:13:MX_LPUART1_UART_Init	8	static
../Core/Src/main.c:335:13:MX_TIM3_Init	40	static
../Core/Src/main.c:378:13:MX_DMA_Init	16	static
../Core/Src/main.c:397:13:MX_GPIO_Init	48	static
../Core/Src/main.c:444:6:ADCRead	16	static
../Core/Src/main.c:479:6:UpdateSignal	8	static
../Core/Src/main.c:492:6:HAL_TIM_PeriodElapsedCallback	16	static
../Core/Src/main.c:528:6:Error_Handler	4	static,ignoring_inline_asm
